INFO: Running with entropic power schedule (0xFF, 100).
INFO: Seed: 3426646884
MERGE-OUTER: 21780 files, 0 in the initial corpus, 0 processed earlier
MERGE-OUTER: attempt 1
INFO: Running with entropic power schedule (0xFF, 100).
INFO: Seed: 3426748861
INFO: -max_len is not provided; libFuzzer will not generate inputs larger than 1048576 bytes
MERGE-INNER: using the control file '/tmp/libFuzzerTemp.Merge188.txt'
MERGE-INNER: 21780 total files; 0 processed earlier; will process 21780 files now
#1	pulse  exec/s: 0 rss: 37Mb
#2	pulse  exec/s: 0 rss: 38Mb
#4	pulse  exec/s: 0 rss: 38Mb
#8	pulse  exec/s: 0 rss: 38Mb
#16	pulse  exec/s: 0 rss: 39Mb
#32	pulse  exec/s: 0 rss: 39Mb
#64	pulse  exec/s: 0 rss: 39Mb
#128	pulse  exec/s: 0 rss: 39Mb
#256	pulse  exec/s: 0 rss: 39Mb
#512	pulse  exec/s: 0 rss: 39Mb
#1024	pulse  exec/s: 0 rss: 40Mb
#2048	pulse  exec/s: 0 rss: 40Mb
#4096	pulse  exec/s: 0 rss: 40Mb
#8192	pulse  exec/s: 0 rss: 40Mb
#16384	pulse  exec/s: 16384 rss: 41Mb
#21780	DONE   exec/s: 10890 rss: 89Mb
MERGE-OUTER: successful in 1 attempt(s)
MERGE-OUTER: the control file has 2586703 bytes
MERGE-OUTER: consumed 1Mb (37Mb rss) to parse the control file
MERGE-OUTER: 0 new files with 0 new features added; 0 new coverage edges
