INFO: Running with entropic power schedule (0xFF, 100).
INFO: Seed: 3480533315
MERGE-OUTER: 33013 files, 0 in the initial corpus, 0 processed earlier
MERGE-OUTER: attempt 1
INFO: Running with entropic power schedule (0xFF, 100).
INFO: Seed: 3480706639
INFO: -max_len is not provided; libFuzzer will not generate inputs larger than 1048576 bytes
MERGE-INNER: using the control file '/tmp/libFuzzerTemp.Merge165.txt'
MERGE-INNER: 33013 total files; 0 processed earlier; will process 33013 files now
#1	pulse  exec/s: 0 rss: 36Mb
#2	pulse  exec/s: 0 rss: 37Mb
#4	pulse  exec/s: 0 rss: 37Mb
#8	pulse  exec/s: 0 rss: 37Mb
#16	pulse  exec/s: 0 rss: 37Mb
#32	pulse  exec/s: 0 rss: 37Mb
#64	pulse  exec/s: 0 rss: 37Mb
#128	pulse  exec/s: 0 rss: 37Mb
#256	pulse  exec/s: 0 rss: 37Mb
#512	pulse  exec/s: 0 rss: 37Mb
#1024	pulse  exec/s: 0 rss: 37Mb
#2048	pulse  exec/s: 0 rss: 37Mb
#4096	pulse  exec/s: 0 rss: 37Mb
#8192	pulse  exec/s: 0 rss: 37Mb
#16384	pulse  exec/s: 0 rss: 37Mb
#32768	pulse  exec/s: 32768 rss: 38Mb
#33013	DONE   exec/s: 33013 rss: 38Mb
MERGE-OUTER: successful in 1 attempt(s)
MERGE-OUTER: the control file has 3918525 bytes
MERGE-OUTER: consumed 2Mb (42Mb rss) to parse the control file
MERGE-OUTER: 0 new files with 0 new features added; 0 new coverage edges
